
- NASM Map file ---------------------------------------------------------------

Source file:  reset.S
Output file:  reset

-- Program origin -------------------------------------------------------------

000C0000

-- Sections (summary) ---------------------------------------------------------

Vstart            Start             Stop              Length    Class     Name
           C0000             C0000             C0002  00000002  progbits  .text
           FFC00             FFC00             FFC0E  0000000E  progbits  .data
           FFD00             FFD00             FFE32  00000132  progbits  .setup
           FFFF0             FFFF0             FFFF6  00000006  progbits  .restart
           FFFF8             FFFF8            100000  00000008  progbits  .version

-- Sections (detailed) --------------------------------------------------------

---- Section .text ------------------------------------------------------------

class:     progbits
length:                   2
start:                C0000
align:                  100
follows:   not defined
vstart:               C0000
valign:    not defined
vfollows:  not defined

---- Section .data ------------------------------------------------------------

class:     progbits
length:                   E
start:                FFC00
align:                  100
follows:   not defined
vstart:               FFC00
valign:    not defined
vfollows:  not defined

---- Section .setup -----------------------------------------------------------

class:     progbits
length:                 132
start:                FFD00
align:     not defined
follows:   not defined
vstart:               FFD00
valign:    not defined
vfollows:  not defined

---- Section .restart ---------------------------------------------------------

class:     progbits
length:                   6
start:                FFFF0
align:     not defined
follows:   not defined
vstart:               FFFF0
valign:    not defined
vfollows:  not defined

---- Section .version ---------------------------------------------------------

class:     progbits
length:                   8
start:                FFFF8
align:                    4
follows:   not defined
vstart:               FFFF8
valign:    not defined
vfollows:  not defined

-- Symbols --------------------------------------------------------------------

---- No Section ---------------------------------------------------------------

Value     Name
0000FFFE  RELREG_REG
000000FF  RELREG_DEF
0000FFA0  UMCS_REG
0000FFA2  LMCS_REG
0000FFA4  PACS_REG
0000FFA6  MMCS_REG
0000FFA8  MPCS_REG
0000C03F  UMCS_256K_W3
00001FFF  LMCS_128K_W3
0000003F  PACS_0x00000_W3
000021FF  MMCS_DEF
0000C0BF  MPCS_DEF
0000FF52  TIMER0_MAXCNTA
0000FF56  TIMER0_CON
0000FF5A  TIMER1_MAXCNTA
0000FF5E  TIMER1_CON
00000000  PCS0
00000080  PCS1
00000100  PCS2
00000180  PCS3
00000000  UART_BASE
00000000  UART_THR
00000000  UART_RBR
00000000  UART_DLL
00000001  UART_IER
00000001  UART_DLH
00000002  UART_IIR
00000002  UART_FCR
00000003  UART_LCR
00000004  UART_MCR
00000005  UART_LSR
00000006  UART_MSR
00000002  UART_EFR
00000080  UART_LCR_DLAB
000000BF  UART_LCR_EFR
00000001  UART_FCR_FIFOENABLE
00000002  UART_FCR_RXRESET
00000004  UART_FCR_TXRESET
00000007  UART_FCR_FIFOSETUP
00000020  UART_LSR_THREMPTY
00000080  UART_EFR_AUTOCTS
00000040  UART_EFR_AUTORTS
000000C0  UART_EFR_HWHANDSHAKE
00000004  UART_2STOP
00000004  UART_15STOP
00000000  UART_1STOP
00000000  UART_NO_PARITY
00000003  UART_8BITS
00000002  UART_7BITS
00000001  UART_6BITS
00000000  UART_5BITS
00000078  BAUD_9600


---- Section .text ------------------------------------------------------------

Real              Virtual           Name
           C0000             C0000  _8250_init
           C0000             C0000  _serial_putch
           C0000             C0000  _serial_puts
           C0000             C0000  _mon

---- Section .data ------------------------------------------------------------

Real              Virtual           Name
           FFC00             FFC00  SETUPSUM16
           FFC02             FFC02  UMCS
           FFC04             FFC04  LMCS
           FFC06             FFC06  PACS
           FFC08             FFC08  MMCS
           FFC0A             FFC0A  MPCS
           FFC0C             FFC0C  MAXRAM

---- Section .setup -----------------------------------------------------------

Real              Virtual           Name
           FFD00             FFD00  _setup
           FFD27             FFD27  _soc_failure
           FFD30             FFD30  _soc_passed
           FFD37             FFD37  _set_mem
           FFD4C             FFD4C  _set_pcs
           FFD5C             FFD5C  _test_setup_rom
           FFD65             FFD65  _test_setup_rom.loop
           FFD6C             FFD6C  _test_setup_rom.check
           FFD76             FFD76  _test_setup_rom.rom_failure
           FFD7F             FFD7F  _test_setup_rom.end
           FFD8C             FFD8C  _test_ram_words
           FFDBB             FFDBB  _test_ram_words.ram_failure
           FFDBB             FFDBB  _test_ram_words.halt
           FFDC4             FFDC4  _test_ram_words.end
           FFDCB             FFDCB  _init_serial
           FFDF7             FFDF7  _print_version
           FFDFD             FFDFD  _print_version.loop
           FFE08             FFE08  _print_version.end
           FFE0C             FFE0C  _finish
           FFE0F             FFE0F  ..@19.loop
           FFE1B             FFE1B  ..@20.wait_empty
           FFE29             FFE29  ..@19.end
           FFE2E             FFE2E  _ok
           FFE32             FFE32  _putch
           FFE32             FFE32  _getch

---- Section .restart ---------------------------------------------------------

Real              Virtual           Name
           FFFF0             FFFF0  _restart

---- Section .version ---------------------------------------------------------

Real              Virtual           Name
           FFFF8             FFFF8  _version

